commit 70e9233
host federico-MacBookAir, 2026-09-17T14:57:30+02:00
paper_man at 32^3, 20 steps to T = 0.1; MPI runs: 8 processes (2 2 2), 2 threads

=== schur-mpi0-omp0-simd0
Global grid: 32 x 32 x 32
Local block: 32 x 32 x 32
Processes: 1
Process grid: 1 x 1 x 1
Critical rank: 0
Threads per process: 1
Tridiagonal backend: schur
Directional policy: auto
Time steps: 20
Solver time stats (max per rank, average per time step):
  eta system:  13.253 ms ( 49.8%)
    g term:    9.319 ms ( 35.0%)
    eta solve: 3.934 ms ( 14.8%)
  zeta system: 3.584 ms ( 13.5%)
  u system:    3.431 ms ( 12.9%)
  psi system:  0.585 ms (  2.2%)
  phi low:     0.545 ms (  2.0%)
  phi high:    0.532 ms (  2.0%)
  pressure:    0.039 ms (  0.1%)
  porosity:    4.647 ms ( 17.5%)
  write file:  0.000 ms
  unaccounted: 0.001 ms (  0.0%)
  wall per step: 26.617 ms
  mpi per step:  0.000 ms (  0.0%)
  per cell-step: 81.228 1e-8s

Manufactured-solution error report:
  Grid: 32 x 32 x 32
  dt: 5.00e-03
  T:  1.00e-01
  Velocity verification time: 1.00e-01
  Pressure verification time: 9.75e-02
  L2 error u_x: 1.12796675163273261e-03
  L2 error u_y: 1.36898283790495259e-03
  L2 error u_z: 1.52086823455526159e-03
  L2 error p:   3.11096498076221632e-02
  thresholds: |u|_L2 <= 1.00e+00, |p|_L2 <= 8.00e+00  ok
=== schur-mpi0-omp0-simd1
Global grid: 32 x 32 x 32
Local block: 32 x 32 x 32
Processes: 1
Process grid: 1 x 1 x 1
Critical rank: 0
Threads per process: 1
Tridiagonal backend: schur
Directional policy: auto
Time steps: 20
Solver time stats (max per rank, average per time step):
  eta system:  17.443 ms ( 61.1%)
    g term:    12.221 ms ( 42.8%)
    eta solve: 5.223 ms ( 18.3%)
  zeta system: 1.609 ms (  5.6%)
  u system:    1.447 ms (  5.1%)
  psi system:  0.678 ms (  2.4%)
  phi low:     0.645 ms (  2.3%)
  phi high:    0.664 ms (  2.3%)
  pressure:    0.049 ms (  0.2%)
  porosity:    6.032 ms ( 21.1%)
  write file:  0.000 ms
  unaccounted: 0.002 ms (  0.0%)
  wall per step: 28.569 ms
  mpi per step:  0.000 ms (  0.0%)
  per cell-step: 87.186 1e-8s

Manufactured-solution error report:
  Grid: 32 x 32 x 32
  dt: 5.00e-03
  T:  1.00e-01
  Velocity verification time: 1.00e-01
  Pressure verification time: 9.75e-02
  L2 error u_x: 1.12796675163273261e-03
  L2 error u_y: 1.36898283790495259e-03
  L2 error u_z: 1.52086823455526159e-03
  L2 error p:   3.11096498076221632e-02
  thresholds: |u|_L2 <= 1.00e+00, |p|_L2 <= 8.00e+00  ok
=== schur-mpi0-omp1-simd0
Global grid: 32 x 32 x 32
Local block: 32 x 32 x 32
Processes: 1
Process grid: 1 x 1 x 1
Critical rank: 0
Threads per process: 2
Tridiagonal backend: schur
Directional policy: auto
Time steps: 20
Solver time stats (max per rank, average per time step):
  eta system:  9.057 ms ( 49.8%)
    g term:    6.436 ms ( 35.4%)
    eta solve: 2.620 ms ( 14.4%)
  zeta system: 2.357 ms ( 13.0%)
  u system:    2.335 ms ( 12.8%)
  psi system:  0.406 ms (  2.2%)
  phi low:     0.352 ms (  1.9%)
  phi high:    0.352 ms (  1.9%)
  pressure:    0.045 ms (  0.2%)
  porosity:    3.280 ms ( 18.0%)
  write file:  0.000 ms
  unaccounted: 0.001 ms (  0.0%)
  wall per step: 18.184 ms
  mpi per step:  0.000 ms (  0.0%)
  per cell-step: 55.494 1e-8s

Manufactured-solution error report:
  Grid: 32 x 32 x 32
  dt: 5.00e-03
  T:  1.00e-01
  Velocity verification time: 1.00e-01
  Pressure verification time: 9.75e-02
  L2 error u_x: 1.12796675163273261e-03
  L2 error u_y: 1.36898283790495259e-03
  L2 error u_z: 1.52086823455526159e-03
  L2 error p:   3.11096498076221632e-02
  thresholds: |u|_L2 <= 1.00e+00, |p|_L2 <= 8.00e+00  ok
=== schur-mpi0-omp1-simd1
Global grid: 32 x 32 x 32
Local block: 32 x 32 x 32
Processes: 1
Process grid: 1 x 1 x 1
Critical rank: 0
Threads per process: 2
Tridiagonal backend: schur
Directional policy: auto
Time steps: 20
Solver time stats (max per rank, average per time step):
  eta system:  12.205 ms ( 59.2%)
    g term:    8.709 ms ( 42.2%)
    eta solve: 3.495 ms ( 16.9%)
  zeta system: 1.170 ms (  5.7%)
  u system:    1.086 ms (  5.3%)
  psi system:  0.505 ms (  2.4%)
  phi low:     0.457 ms (  2.2%)
  phi high:    0.452 ms (  2.2%)
  pressure:    0.055 ms (  0.3%)
  porosity:    4.696 ms ( 22.8%)
  write file:  0.000 ms
  unaccounted: 0.002 ms (  0.0%)
  wall per step: 20.627 ms
  mpi per step:  0.000 ms (  0.0%)
  per cell-step: 62.949 1e-8s

Manufactured-solution error report:
  Grid: 32 x 32 x 32
  dt: 5.00e-03
  T:  1.00e-01
  Velocity verification time: 1.00e-01
  Pressure verification time: 9.75e-02
  L2 error u_x: 1.12796675163273261e-03
  L2 error u_y: 1.36898283790495259e-03
  L2 error u_z: 1.52086823455526159e-03
  L2 error p:   3.11096498076221632e-02
  thresholds: |u|_L2 <= 1.00e+00, |p|_L2 <= 8.00e+00  ok
=== schur-mpi1-omp0-simd0
Global grid: 32 x 32 x 32
Local block: 16 x 16 x 16
Processes: 8
Process grid: 2 x 2 x 2
Critical rank: 5
Threads per process: 1
Tridiagonal backend: schur
Directional policy: auto
Time steps: 20
Solver time stats (max per rank, average per time step):
  eta system:  10.825 ms ( 35.4%)
    g term:    4.936 ms ( 16.1%)
    eta solve: 5.889 ms ( 19.2%)
  zeta system: 7.623 ms ( 24.9%)
  u system:    10.400 ms ( 34.0%)
  psi system:  0.618 ms (  2.0%)
  phi low:     0.436 ms (  1.4%)
  phi high:    0.611 ms (  2.0%)
  pressure:    0.017 ms (  0.1%)
  porosity:    2.341 ms (  7.7%)
  write file:  0.000 ms
  unaccounted: 10.549 ms ( 34.5%)
  wall per step: 30.594 ms
  mpi per step:  17.128 ms ( 56.0%)
  per cell-step: 746.912 1e-8s

Manufactured-solution error report:
  Grid: 32 x 32 x 32
  dt: 5.00e-03
  T:  1.00e-01
  Velocity verification time: 1.00e-01
  Pressure verification time: 9.75e-02
  L2 error u_x: 1.12796675163273326e-03
  L2 error u_y: 1.36898283790495151e-03
  L2 error u_z: 1.52086823455524641e-03
  L2 error p:   3.11096498076220973e-02
  thresholds: |u|_L2 <= 1.00e+00, |p|_L2 <= 8.00e+00  ok
=== schur-mpi1-omp0-simd1
Global grid: 32 x 32 x 32
Local block: 16 x 16 x 16
Processes: 8
Process grid: 2 x 2 x 2
Critical rank: 5
Threads per process: 1
Tridiagonal backend: schur
Directional policy: auto
Time steps: 20
Solver time stats (max per rank, average per time step):
  eta system:  9.227 ms ( 40.1%)
    g term:    5.154 ms ( 22.4%)
    eta solve: 4.072 ms ( 17.7%)
  zeta system: 5.566 ms ( 24.2%)
  u system:    4.567 ms ( 19.8%)
  psi system:  0.654 ms (  2.8%)
  phi low:     0.673 ms (  2.9%)
  phi high:    0.633 ms (  2.7%)
  pressure:    0.013 ms (  0.1%)
  porosity:    2.520 ms ( 10.9%)
  write file:  0.000 ms
  unaccounted: 4.255 ms ( 18.5%)
  wall per step: 23.038 ms
  mpi per step:  10.182 ms ( 44.2%)
  per cell-step: 562.441 1e-8s

Manufactured-solution error report:
  Grid: 32 x 32 x 32
  dt: 5.00e-03
  T:  1.00e-01
  Velocity verification time: 1.00e-01
  Pressure verification time: 9.75e-02
  L2 error u_x: 1.12796675163273326e-03
  L2 error u_y: 1.36898283790495151e-03
  L2 error u_z: 1.52086823455524641e-03
  L2 error p:   3.11096498076220973e-02
  thresholds: |u|_L2 <= 1.00e+00, |p|_L2 <= 8.00e+00  ok
=== schur-mpi1-omp1-simd0
Global grid: 32 x 32 x 32
Local block: 16 x 16 x 16
Processes: 8
Process grid: 2 x 2 x 2
Critical rank: 1
Threads per process: 2
Tridiagonal backend: schur
Directional policy: auto
Time steps: 20
Solver time stats (max per rank, average per time step):
  eta system:  17.475 ms ( 38.6%)
    g term:    2.180 ms (  4.8%)
    eta solve: 15.295 ms ( 33.8%)
  zeta system: 14.103 ms ( 31.1%)
  u system:    13.340 ms ( 29.4%)
  psi system:  1.663 ms (  3.7%)
  phi low:     1.994 ms (  4.4%)
  phi high:    2.606 ms (  5.8%)
  pressure:    0.037 ms (  0.1%)
  porosity:    2.149 ms (  4.7%)
  write file:  0.000 ms
  unaccounted: 12.632 ms ( 27.9%)
  wall per step: 45.316 ms
  mpi per step:  27.444 ms ( 60.6%)
  per cell-step: 1106.350 1e-8s

Manufactured-solution error report:
  Grid: 32 x 32 x 32
  dt: 5.00e-03
  T:  1.00e-01
  Velocity verification time: 1.00e-01
  Pressure verification time: 9.75e-02
  L2 error u_x: 1.12796675163273326e-03
  L2 error u_y: 1.36898283790495151e-03
  L2 error u_z: 1.52086823455524641e-03
  L2 error p:   3.11096498076220973e-02
  thresholds: |u|_L2 <= 1.00e+00, |p|_L2 <= 8.00e+00  ok
=== schur-mpi1-omp1-simd1
Global grid: 32 x 32 x 32
Local block: 16 x 16 x 16
Processes: 8
Process grid: 2 x 2 x 2
Critical rank: 4
Threads per process: 2
Tridiagonal backend: schur
Directional policy: auto
Time steps: 20
Solver time stats (max per rank, average per time step):
  eta system:  26.081 ms ( 20.5%)
    g term:    2.560 ms (  2.0%)
    eta solve: 23.521 ms ( 18.4%)
  zeta system: 25.513 ms ( 20.0%)
  u system:    37.518 ms ( 29.4%)
  psi system:  6.357 ms (  5.0%)
  phi low:     7.746 ms (  6.1%)
  phi high:    10.757 ms (  8.4%)
  pressure:    0.039 ms (  0.0%)
  porosity:    2.670 ms (  2.1%)
  write file:  0.000 ms
  unaccounted: 53.761 ms ( 42.2%)
  wall per step: 127.532 ms
  mpi per step:  105.702 ms ( 82.9%)
  per cell-step: 3113.577 1e-8s

Manufactured-solution error report:
  Grid: 32 x 32 x 32
  dt: 5.00e-03
  T:  1.00e-01
  Velocity verification time: 1.00e-01
  Pressure verification time: 9.75e-02
  L2 error u_x: 1.12796675163273326e-03
  L2 error u_y: 1.36898283790495151e-03
  L2 error u_z: 1.52086823455524641e-03
  L2 error p:   3.11096498076220973e-02
  thresholds: |u|_L2 <= 1.00e+00, |p|_L2 <= 8.00e+00  ok
=== pipeline-mpi0-omp0-simd0
Global grid: 32 x 32 x 32
Local block: 32 x 32 x 32
Processes: 1
Process grid: 1 x 1 x 1
Critical rank: 0
Threads per process: 1
Tridiagonal backend: pipeline
Pipeline batch lines: 256
Directional policy: auto
Time steps: 20
Solver time stats (max per rank, average per time step):
  eta system:  19.130 ms ( 53.8%)
    g term:    14.857 ms ( 41.8%)
    eta solve: 4.274 ms ( 12.0%)
  zeta system: 4.207 ms ( 11.8%)
  u system:    4.112 ms ( 11.6%)
  psi system:  0.393 ms (  1.1%)
  phi low:     0.346 ms (  1.0%)
  phi high:    0.353 ms (  1.0%)
  pressure:    0.050 ms (  0.1%)
  porosity:    6.944 ms ( 19.5%)
  write file:  0.000 ms
  unaccounted: 0.002 ms (  0.0%)
  wall per step: 35.535 ms
  mpi per step:  0.000 ms (  0.0%)
  per cell-step: 108.445 1e-8s

Manufactured-solution error report:
  Grid: 32 x 32 x 32
  dt: 5.00e-03
  T:  1.00e-01
  Velocity verification time: 1.00e-01
  Pressure verification time: 9.75e-02
  L2 error u_x: 1.12796675163273261e-03
  L2 error u_y: 1.36898283790495259e-03
  L2 error u_z: 1.52086823455526159e-03
  L2 error p:   3.11096498076221632e-02
  thresholds: |u|_L2 <= 1.00e+00, |p|_L2 <= 8.00e+00  ok
=== pipeline-mpi0-omp0-simd1
Global grid: 32 x 32 x 32
Local block: 32 x 32 x 32
Processes: 1
Process grid: 1 x 1 x 1
Critical rank: 0
Threads per process: 1
Tridiagonal backend: pipeline
Pipeline batch lines: 256
Directional policy: auto
Time steps: 20
Solver time stats (max per rank, average per time step):
  eta system:  23.940 ms ( 61.2%)
    g term:    18.386 ms ( 47.0%)
    eta solve: 5.554 ms ( 14.2%)
  zeta system: 2.793 ms (  7.1%)
  u system:    2.581 ms (  6.6%)
  psi system:  0.483 ms (  1.2%)
  phi low:     0.155 ms (  0.4%)
  phi high:    0.157 ms (  0.4%)
  pressure:    0.054 ms (  0.1%)
  porosity:    8.947 ms ( 22.9%)
  write file:  0.000 ms
  unaccounted: 0.002 ms (  0.0%)
  wall per step: 39.113 ms
  mpi per step:  0.000 ms (  0.0%)
  per cell-step: 119.363 1e-8s

Manufactured-solution error report:
  Grid: 32 x 32 x 32
  dt: 5.00e-03
  T:  1.00e-01
  Velocity verification time: 1.00e-01
  Pressure verification time: 9.75e-02
  L2 error u_x: 1.12796675163273261e-03
  L2 error u_y: 1.36898283790495259e-03
  L2 error u_z: 1.52086823455526159e-03
  L2 error p:   3.11096498076221632e-02
  thresholds: |u|_L2 <= 1.00e+00, |p|_L2 <= 8.00e+00  ok
=== pipeline-mpi0-omp1-simd0
Global grid: 32 x 32 x 32
Local block: 32 x 32 x 32
Processes: 1
Process grid: 1 x 1 x 1
Critical rank: 0
Threads per process: 2
Tridiagonal backend: pipeline
Pipeline batch lines: 512
Directional policy: auto
Time steps: 20
Solver time stats (max per rank, average per time step):
  eta system:  11.698 ms ( 53.5%)
    g term:    8.934 ms ( 40.9%)
    eta solve: 2.764 ms ( 12.7%)
  zeta system: 2.767 ms ( 12.7%)
  u system:    2.626 ms ( 12.0%)
  psi system:  0.246 ms (  1.1%)
  phi low:     0.211 ms (  1.0%)
  phi high:    0.219 ms (  1.0%)
  pressure:    0.057 ms (  0.3%)
  porosity:    4.022 ms ( 18.4%)
  write file:  0.000 ms
  unaccounted: 0.002 ms (  0.0%)
  wall per step: 21.847 ms
  mpi per step:  0.000 ms (  0.0%)
  per cell-step: 66.673 1e-8s

Manufactured-solution error report:
  Grid: 32 x 32 x 32
  dt: 5.00e-03
  T:  1.00e-01
  Velocity verification time: 1.00e-01
  Pressure verification time: 9.75e-02
  L2 error u_x: 1.12796675163273261e-03
  L2 error u_y: 1.36898283790495259e-03
  L2 error u_z: 1.52086823455526159e-03
  L2 error p:   3.11096498076221632e-02
  thresholds: |u|_L2 <= 1.00e+00, |p|_L2 <= 8.00e+00  ok
=== pipeline-mpi0-omp1-simd1
Global grid: 32 x 32 x 32
Local block: 32 x 32 x 32
Processes: 1
Process grid: 1 x 1 x 1
Critical rank: 0
Threads per process: 2
Tridiagonal backend: pipeline
Pipeline batch lines: 512
Directional policy: auto
Time steps: 20
Solver time stats (max per rank, average per time step):
  eta system:  7.394 ms ( 59.9%)
    g term:    5.753 ms ( 46.6%)
    eta solve: 1.642 ms ( 13.3%)
  zeta system: 0.968 ms (  7.8%)
  u system:    0.878 ms (  7.1%)
  psi system:  0.165 ms (  1.3%)
  phi low:     0.062 ms (  0.5%)
  phi high:    0.060 ms (  0.5%)
  pressure:    0.038 ms (  0.3%)
  porosity:    2.781 ms ( 22.5%)
  write file:  0.000 ms
  unaccounted: 0.001 ms (  0.0%)
  wall per step: 12.347 ms
  mpi per step:  0.000 ms (  0.0%)
  per cell-step: 37.681 1e-8s

Manufactured-solution error report:
  Grid: 32 x 32 x 32
  dt: 5.00e-03
  T:  1.00e-01
  Velocity verification time: 1.00e-01
  Pressure verification time: 9.75e-02
  L2 error u_x: 1.12796675163273261e-03
  L2 error u_y: 1.36898283790495259e-03
  L2 error u_z: 1.52086823455526159e-03
  L2 error p:   3.11096498076221632e-02
  thresholds: |u|_L2 <= 1.00e+00, |p|_L2 <= 8.00e+00  ok
=== pipeline-mpi1-omp0-simd0
Global grid: 32 x 32 x 32
Local block: 16 x 16 x 16
Processes: 8
Process grid: 2 x 2 x 2
Critical rank: 0
Threads per process: 1
Tridiagonal backend: pipeline
Pipeline batch lines: 256
Directional policy: auto
Time steps: 20
Solver time stats (max per rank, average per time step):
  eta system:  7.487 ms ( 47.9%)
    g term:    4.024 ms ( 25.8%)
    eta solve: 3.462 ms ( 22.2%)
  zeta system: 2.660 ms ( 17.0%)
  u system:    3.768 ms ( 24.1%)
  psi system:  0.153 ms (  1.0%)
  phi low:     0.126 ms (  0.8%)
  phi high:    0.125 ms (  0.8%)
  pressure:    0.011 ms (  0.1%)
  porosity:    1.868 ms ( 12.0%)
  write file:  0.000 ms
  unaccounted: 2.597 ms ( 16.6%)
  wall per step: 15.614 ms
  mpi per step:  7.597 ms ( 48.7%)
  per cell-step: 381.200 1e-8s

Manufactured-solution error report:
  Grid: 32 x 32 x 32
  dt: 5.00e-03
  T:  1.00e-01
  Velocity verification time: 1.00e-01
  Pressure verification time: 9.75e-02
  L2 error u_x: 1.12796675163273088e-03
  L2 error u_y: 1.36898283790495346e-03
  L2 error u_z: 1.52086823455525703e-03
  L2 error p:   3.11096498076222916e-02
  thresholds: |u|_L2 <= 1.00e+00, |p|_L2 <= 8.00e+00  ok
=== pipeline-mpi1-omp0-simd1
Global grid: 32 x 32 x 32
Local block: 16 x 16 x 16
Processes: 8
Process grid: 2 x 2 x 2
Critical rank: 2
Threads per process: 1
Tridiagonal backend: pipeline
Pipeline batch lines: 256
Directional policy: auto
Time steps: 20
Solver time stats (max per rank, average per time step):
  eta system:  10.487 ms ( 60.4%)
    g term:    4.140 ms ( 23.9%)
    eta solve: 6.347 ms ( 36.6%)
  zeta system: 4.629 ms ( 26.7%)
  u system:    4.209 ms ( 24.3%)
  psi system:  0.233 ms (  1.3%)
  phi low:     0.131 ms (  0.8%)
  phi high:    0.148 ms (  0.9%)
  pressure:    0.011 ms (  0.1%)
  porosity:    2.050 ms ( 11.8%)
  write file:  0.000 ms
  unaccounted: 3.737 ms ( 21.5%)
  wall per step: 17.350 ms
  mpi per step:  10.153 ms ( 58.5%)
  per cell-step: 423.595 1e-8s

Manufactured-solution error report:
  Grid: 32 x 32 x 32
  dt: 5.00e-03
  T:  1.00e-01
  Velocity verification time: 1.00e-01
  Pressure verification time: 9.75e-02
  L2 error u_x: 1.12796675163273088e-03
  L2 error u_y: 1.36898283790495346e-03
  L2 error u_z: 1.52086823455525703e-03
  L2 error p:   3.11096498076222916e-02
  thresholds: |u|_L2 <= 1.00e+00, |p|_L2 <= 8.00e+00  ok
=== pipeline-mpi1-omp1-simd0
Global grid: 32 x 32 x 32
Local block: 16 x 16 x 16
Processes: 8
Process grid: 2 x 2 x 2
Critical rank: 0
Threads per process: 2
Tridiagonal backend: pipeline
Pipeline batch lines: 512
Directional policy: auto
Time steps: 20
Solver time stats (max per rank, average per time step):
  eta system:  8.986 ms ( 33.4%)
    g term:    2.494 ms (  9.3%)
    eta solve: 6.493 ms ( 24.1%)
  zeta system: 5.487 ms ( 20.4%)
  u system:    6.720 ms ( 25.0%)
  psi system:  0.809 ms (  3.0%)
  phi low:     0.945 ms (  3.5%)
  phi high:    1.376 ms (  5.1%)
  pressure:    0.043 ms (  0.2%)
  porosity:    2.161 ms (  8.0%)
  write file:  0.000 ms
  unaccounted: 11.041 ms ( 41.0%)
  wall per step: 26.903 ms
  mpi per step:  17.003 ms ( 63.2%)
  per cell-step: 656.814 1e-8s

Manufactured-solution error report:
  Grid: 32 x 32 x 32
  dt: 5.00e-03
  T:  1.00e-01
  Velocity verification time: 1.00e-01
  Pressure verification time: 9.75e-02
  L2 error u_x: 1.12796675163273088e-03
  L2 error u_y: 1.36898283790495346e-03
  L2 error u_z: 1.52086823455525703e-03
  L2 error p:   3.11096498076222916e-02
  thresholds: |u|_L2 <= 1.00e+00, |p|_L2 <= 8.00e+00  ok
=== pipeline-mpi1-omp1-simd1
Global grid: 32 x 32 x 32
Local block: 16 x 16 x 16
Processes: 8
Process grid: 2 x 2 x 2
Critical rank: 1
Threads per process: 2
Tridiagonal backend: pipeline
Pipeline batch lines: 512
Directional policy: auto
Time steps: 20
Solver time stats (max per rank, average per time step):
  eta system:  8.715 ms ( 20.2%)
    g term:    2.318 ms (  5.4%)
    eta solve: 6.397 ms ( 14.8%)
  zeta system: 3.563 ms (  8.3%)
  u system:    6.982 ms ( 16.2%)
  psi system:  3.425 ms (  7.9%)
  phi low:     2.779 ms (  6.4%)
  phi high:    2.960 ms (  6.9%)
  pressure:    0.039 ms (  0.1%)
  porosity:    2.267 ms (  5.3%)
  write file:  0.000 ms
  unaccounted: 23.388 ms ( 54.2%)
  wall per step: 43.179 ms
  mpi per step:  33.703 ms ( 78.1%)
  per cell-step: 1054.166 1e-8s

Manufactured-solution error report:
  Grid: 32 x 32 x 32
  dt: 5.00e-03
  T:  1.00e-01
  Velocity verification time: 1.00e-01
  Pressure verification time: 9.75e-02
  L2 error u_x: 1.12796675163273088e-03
  L2 error u_y: 1.36898283790495346e-03
  L2 error u_z: 1.52086823455525703e-03
  L2 error p:   3.11096498076222916e-02
  thresholds: |u|_L2 <= 1.00e+00, |p|_L2 <= 8.00e+00  ok

backend   procs threads simd  L2 u_x            L2 u_y            L2 u_z            L2 p              max scaled diff
schur         1       1    0  1.12796675163273261e-03 1.36898283790495259e-03 1.52086823455526159e-03 3.11096498076221632e-02 0.0e+00
schur         1       1    1  1.12796675163273261e-03 1.36898283790495259e-03 1.52086823455526159e-03 3.11096498076221632e-02 0.0e+00
schur         1       2    0  1.12796675163273261e-03 1.36898283790495259e-03 1.52086823455526159e-03 3.11096498076221632e-02 0.0e+00
schur         1       2    1  1.12796675163273261e-03 1.36898283790495259e-03 1.52086823455526159e-03 3.11096498076221632e-02 0.0e+00
schur         8       1    0  1.12796675163273326e-03 1.36898283790495151e-03 1.52086823455524641e-03 3.11096498076220973e-02 6.6e-17
schur         8       1    1  1.12796675163273326e-03 1.36898283790495151e-03 1.52086823455524641e-03 3.11096498076220973e-02 6.6e-17
schur         8       2    0  1.12796675163273326e-03 1.36898283790495151e-03 1.52086823455524641e-03 3.11096498076220973e-02 6.6e-17
schur         8       2    1  1.12796675163273326e-03 1.36898283790495151e-03 1.52086823455524641e-03 3.11096498076220973e-02 6.6e-17
pipeline      1       1    0  1.12796675163273261e-03 1.36898283790495259e-03 1.52086823455526159e-03 3.11096498076221632e-02 0.0e+00
pipeline      1       1    1  1.12796675163273261e-03 1.36898283790495259e-03 1.52086823455526159e-03 3.11096498076221632e-02 0.0e+00
pipeline      1       2    0  1.12796675163273261e-03 1.36898283790495259e-03 1.52086823455526159e-03 3.11096498076221632e-02 0.0e+00
pipeline      1       2    1  1.12796675163273261e-03 1.36898283790495259e-03 1.52086823455526159e-03 3.11096498076221632e-02 0.0e+00
pipeline      8       1    0  1.12796675163273088e-03 1.36898283790495346e-03 1.52086823455525703e-03 3.11096498076222916e-02 1.3e-16
pipeline      8       1    1  1.12796675163273088e-03 1.36898283790495346e-03 1.52086823455525703e-03 3.11096498076222916e-02 1.3e-16
pipeline      8       2    0  1.12796675163273088e-03 1.36898283790495346e-03 1.52086823455525703e-03 3.11096498076222916e-02 1.3e-16
pipeline      8       2    1  1.12796675163273088e-03 1.36898283790495346e-03 1.52086823455525703e-03 3.11096498076222916e-02 1.3e-16
PASSED: all 16 configurations agree
